[digitonaut.com/art/happy_diwali_fireworks/index.html]
[digitonaut.com/art/hex_color_code_clock/index.html]
[digitonaut.com/art/happy_bouncing/index.html]
[backblue.gif]
[fade.gif]
[index.html]
[digitonaut.com/art/hex_voxel_scene/index.html]
[digitonaut.com/art/hexagonal_maze/index.html]
[digitonaut.com/art/hexagonized_wave/index.html]
[digitonaut.com/art/hexagonal_maze_flow/index.html]
[digitonaut.com/art/hexatrip/index.html]
[digitonaut.com/art/high_mountain/index.html]
[digitonaut.com/art/high_speed_tube/index.html]
[digitonaut.com/art/highway_to_proxima_centauri/index.html]
[digitonaut.com/art/hot_inferno/index.html]
[digitonaut.com/art/holy_grail_quest/index.html]
[digitonaut.com/art/howls_moving_castle/index.html]
[digitonaut.com/art/hypercomplex/index.html]
[digitonaut.com/art/hyperspace/index.html]
[digitonaut.com/art/hyperstellar/index.html]
[digitonaut.com/art/happy_bouncing/index.html]
[digitonaut.com/art/happy_bouncing/main.js]
[digitonaut.com/art/happy_diwali_fireworks/index.html]
[digitonaut.com/art/happy_diwali_fireworks/shader-web-background.min.js]
[digitonaut.com/art/happy_bouncing/three.min.js]
[digitonaut.com/art/hex_color_code_clock/script.js]
[digitonaut.com/art/hex_color_code_clock/index.html]
[digitonaut.com/art/hex_voxel_scene/shader-web-background.min.js]
[digitonaut.com/art/hex_voxel_scene/ichannel0.jpg]
[digitonaut.com/art/hex_voxel_scene/index.html]
[digitonaut.com/art/hex_color_code_clock/jquery-latest.js]
[digitonaut.com/art/hexagonal_maze/index.html]
[digitonaut.com/art/hexagonal_maze/script.js]
[digitonaut.com/art/hexagonal_maze_flow/index.html]
[digitonaut.com/art/hexagonal_maze_flow/shader-web-background.min.js]
[digitonaut.com/art/hexagonized_wave/prefixfree.min.js]
[digitonaut.com/art/hexagonized_wave/index.html]
[digitonaut.com/art/hexagonized_wave/script.js]
[digitonaut.com/art/hexatrip/index.html]
[digitonaut.com/art/hexatrip/shader-web-background.min.js]
[digitonaut.com/art/hexagonized_wave/dat.gui.min.js]
[digitonaut.com/art/high_mountain/index.html]
[digitonaut.com/art/high_mountain/main.js]
[digitonaut.com/art/high_speed_tube/css/normalize.css]
[digitonaut.com/art/high_speed_tube/css/demo.css]
[digitonaut.com/art/high_speed_tube/js/vendors/TweenMax.min.js]
[digitonaut.com/art/high_speed_tube/js/demo3.js]
[digitonaut.com/art/high_speed_tube/index.html]
[digitonaut.com/art/highway_to_proxima_centauri/shader-web-background.min.js]
[digitonaut.com/art/highway_to_proxima_centauri/ichannel0.jpg]
[digitonaut.com/art/high_mountain/three.min.js]
[digitonaut.com/art/highway_to_proxima_centauri/index.html]
[digitonaut.com/art/holy_grail_quest/shader-web-background.min.js]
[digitonaut.com/art/holy_grail_quest/index.html]
[digitonaut.com/art/high_speed_tube/js/vendors/three.min.js]
[digitonaut.com/art/hot_inferno/index.html]
[digitonaut.com/art/hot_inferno/main.js]
[digitonaut.com/art/howls_moving_castle/style.css]
[digitonaut.com/art/howls_moving_castle/background.jpg]
[digitonaut.com/art/howls_moving_castle/cloud-bg.png]
[digitonaut.com/art/hot_inferno/three.min.js]
[digitonaut.com/art/howls_moving_castle/brfoot.png]
[digitonaut.com/art/howls_moving_castle/brbottom.png]
[digitonaut.com/art/howls_moving_castle/frfoot.png]
[digitonaut.com/art/howls_moving_castle/frbottom.png]
[digitonaut.com/art/howls_moving_castle/chimney3.png]
[digitonaut.com/art/howls_moving_castle/treehouse.png]
[digitonaut.com/art/howls_moving_castle/point6.png]
[digitonaut.com/art/howls_moving_castle/point5.png]
[digitonaut.com/art/howls_moving_castle/point4.png]
[digitonaut.com/art/howls_moving_castle/houses.png]
[digitonaut.com/art/howls_moving_castle/chimney2.png]
[digitonaut.com/art/howls_moving_castle/chimney1.png]
[digitonaut.com/art/howls_moving_castle/wing.png]
[digitonaut.com/art/howls_moving_castle/antenna.png]
[digitonaut.com/art/howls_moving_castle/point3.png]
[digitonaut.com/art/howls_moving_castle/point2.png]
[digitonaut.com/art/howls_moving_castle/point1.png]
[digitonaut.com/art/howls_moving_castle/mound.png]
[digitonaut.com/art/howls_moving_castle/wind.png]
[digitonaut.com/art/howls_moving_castle/cannon.png]
[digitonaut.com/art/howls_moving_castle/main.png]
[digitonaut.com/art/howls_moving_castle/flfoot.png]
[digitonaut.com/art/howls_moving_castle/flbottom.png]
[digitonaut.com/art/howls_moving_castle/fltop.png]
[digitonaut.com/art/howls_moving_castle/blcover.png]
[digitonaut.com/art/howls_moving_castle/knob.png]
[digitonaut.com/art/howls_moving_castle/tele.png]
[digitonaut.com/art/howls_moving_castle/telecover.png]
[digitonaut.com/art/howls_moving_castle/flcover.png]
[digitonaut.com/art/howls_moving_castle/foreground.png]
[digitonaut.com/art/howls_moving_castle/cloud_shadow-1.png]
[digitonaut.com/art/howls_moving_castle/cloud-1.png]
[digitonaut.com/art/howls_moving_castle/cloud-2.png]
[digitonaut.com/art/howls_moving_castle/2_1_3_jquery.min.js]
[digitonaut.com/art/howls_moving_castle/TweenMax.min.js]
[digitonaut.com/art/howls_moving_castle/script.js]
[digitonaut.com/art/howls_moving_castle/index.html]
[digitonaut.com/art/hypercomplex/shader-web-background.min.js]
[digitonaut.com/art/hypercomplex/index.html]
[digitonaut.com/art/hyperspace/space.jpg]
[digitonaut.com/art/hyperspace/prefixfree.min.js]
[digitonaut.com/art/hyperspace/index.html]
[digitonaut.com/art/hyperstellar/normalize.min.css]
[digitonaut.com/art/hyperstellar/index.html]
[digitonaut.com/art/hyperstellar/script.js]
[digitonaut.com/art/happy_bouncing/main.css]
[digitonaut.com/art/hex_color_code_clock/style.css]
[digitonaut.com/art/hexagonal_maze/style.css]
[digitonaut.com/art/hexagonal_maze_flow/demo.html]
[digitonaut.com/art/hexagonized_wave/style.css]
[digitonaut.com/art/high_mountain/main.css]
[digitonaut.com/art/high_speed_tube/css/normalize.css]
[digitonaut.com/art/high_speed_tube/css/demo.css]
[digitonaut.com/art/hot_inferno/main.css]
[digitonaut.com/art/howls_moving_castle/style.css]
[digitonaut.com/art/hyperstellar/normalize.min.css]
[digitonaut.com/art/hyperstellar/style.css]
